3
Hello, World!
false
5
10
7.000000
14.000000
start
did get here!
animal!
beaver!
7
7.000000
barry's color is
10
15
82
9
3.000000
55
55
5
6
7
8
65
65
13
0
0
1
2
3
4
5
6
7
8
9
10
88
89
90
1
2
3
4
8
5
one
5
5.000000
11
12
13
14
44
55
66
3
b
o
o
m
!
Array
77
Integer2
Here I am!
0
5
10
15
20
25
20
5
6
7
8
this
is how
we do
it
4
9
16
25
5
17
20
5
88
560
256
5